// Jest Snapshot v1, https://goo.gl/fbAQLP

exports[`ColorSelector renders with default props 1`] = `
<div>
  <div
    class="group inline-flex flex-col relative w-full transition-background motion-reduce:transition-none !duration-150 max-w"
    data-filled="true"
    data-has-label="true"
    data-has-value="true"
    data-slot="base"
  >
    <div
      aria-hidden="true"
      data-a11y-ignore="aria-hidden-focus"
      data-testid="hidden-select-container"
      style="border: 0px; clip-path: inset(50%); height: 1px; margin: -1px; overflow: hidden; padding: 0px; position: absolute; width: 1px; white-space: nowrap;"
    >
      <input
        style="font-size: 16px;"
        tabindex="-1"
        type="text"
        value="Uber Viz Diverging 1"
      />
      <label>
        Select color scheme
        <select
          size="45"
          tabindex="-1"
          title=""
        >
          <option />
          <option
            value="Uber Viz Diverging 1"
          />
          <option
            value="Uber Viz Sequential 3"
          />
          <option
            value="Uber Viz Qualitative 1"
          />
          <option
            value="UberPool 5"
          />
          <option
            value="Ice And Fire 5"
          />
          <option
            value="Global Warming 5"
          />
          <option
            value="Sunrise"
          />
          <option
            value="Ocean Green 5"
          />
          <option
            value="Pink Wine 5"
          />
          <option
            value="Purple Blue Yellow 5"
          />
          <option
            value="ColorBrewer YlGn-5"
          />
          <option
            value="ColorBrewer YlGnBu-5"
          />
          <option
            value="ColorBrewer GnBu-5"
          />
          <option
            value="ColorBrewer BuGn-5"
          />
          <option
            value="ColorBrewer PuBuGn-5"
          />
          <option
            value="ColorBrewer PuBu-5"
          />
          <option
            value="ColorBrewer BuPu-5"
          />
          <option
            value="ColorBrewer RdPu-5"
          />
          <option
            value="ColorBrewer PuRd-5"
          />
          <option
            value="ColorBrewer OrRd-5"
          />
          <option
            value="ColorBrewer YlOrRd-5"
          />
          <option
            value="ColorBrewer YlOrBr-5"
          />
          <option
            value="ColorBrewer Purples-5"
          />
          <option
            value="ColorBrewer Blues-5"
          />
          <option
            value="ColorBrewer Greens-5"
          />
          <option
            value="ColorBrewer Oranges-5"
          />
          <option
            value="ColorBrewer Reds-5"
          />
          <option
            value="ColorBrewer Greys-5"
          />
          <option
            value="ColorBrewer PuOr-5"
          />
          <option
            value="ColorBrewer BrBG-5"
          />
          <option
            value="ColorBrewer PRGn-5"
          />
          <option
            value="ColorBrewer PiYG-5"
          />
          <option
            value="ColorBrewer RdBu-5"
          />
          <option
            value="ColorBrewer RdGy-5"
          />
          <option
            value="ColorBrewer RdYlBu-5"
          />
          <option
            value="ColorBrewer Spectral-5"
          />
          <option
            value="ColorBrewer RdYlGn-5"
          />
          <option
            value="ColorBrewer Accent-5"
          />
          <option
            value="ColorBrewer Dark2-5"
          />
          <option
            value="ColorBrewer Paired-5"
          />
          <option
            value="ColorBrewer Pastel1-5"
          />
          <option
            value="ColorBrewer Pastel2-5"
          />
          <option
            value="ColorBrewer Set1-5"
          />
          <option
            value="ColorBrewer Set2-5"
          />
          <option
            value="ColorBrewer Set3-5"
          />
        </select>
      </label>
    </div>
    <div
      class="w-full flex flex-col"
      data-slot="mainWrapper"
    >
      <button
        aria-expanded="false"
        aria-haspopup="listbox"
        aria-labelledby="react-aria-:r7: react-aria-:r3:"
        class="relative px-3 w-full inline-flex shadow-sm tap-highlight-transparent group-data-[focus=true]:bg-default-100 rounded-medium flex-col items-start justify-center gap-0 bg-default-100 data-[hover=true]:bg-default-50 outline-none data-[focus-visible=true]:z-10 data-[focus-visible=true]:outline-2 data-[focus-visible=true]:outline-focus data-[focus-visible=true]:outline-offset-2 h-14 min-h-14 py-2"
        data-slot="trigger"
        id="react-aria-:r2:"
        type="button"
      >
        <label
          class="block absolute z-10 subpixel-antialiased text-foreground-500 pointer-events-none cursor-pointer will-change-auto origin-top-left rtl:origin-top-right !duration-200 !ease-out transition-[transform,color,left,opacity] motion-reduce:transition-none group-data-[filled=true]:text-default-600 group-data-[filled=true]:scale-85 text-small group-data-[filled=true]:-translate-y-[calc(50%_+_theme(fontSize.small)/2_-_6px)] pe-2 max-w-full text-ellipsis overflow-hidden"
          data-slot="label"
          id="react-aria-:r3:"
        >
          Select color scheme
        </label>
        <div
          class="inline-flex h-full w-[calc(100%_-_theme(spacing.6))] min-h-4 items-center gap-1.5 box-border group-data-[has-label=true]:pt-4"
          data-slot="innerWrapper"
        >
          <span
            class="text-foreground-500 font-normal w-full text-left rtl:text-right text-small truncate group-data-[has-value=true]:text-default-foreground"
            data-slot="value"
            id="react-aria-:r7:"
          >
            <div
              class="sc-bnXvFD kskuHd color-range-palette"
            >
              <div
                class="sc-dymIpo gAZrPm color-range-palette__inner"
                style="height: 10px; transform: scale(1, 1);"
              >
                <div
                  class="sc-gFaPwZ jtNuiF color-range-palette__block"
                  style="background-color: rgb(0, 147, 156);"
                />
                <div
                  class="sc-gFaPwZ jtNuiF color-range-palette__block"
                  style="background-color: rgb(133, 196, 200);"
                />
                <div
                  class="sc-gFaPwZ jtNuiF color-range-palette__block"
                  style="background-color: rgb(254, 238, 232);"
                />
                <div
                  class="sc-gFaPwZ jtNuiF color-range-palette__block"
                  style="background-color: rgb(236, 147, 112);"
                />
                <div
                  class="sc-gFaPwZ jtNuiF color-range-palette__block"
                  style="background-color: rgb(194, 46, 0);"
                />
              </div>
            </div>
          </span>
        </div>
        <svg
          aria-hidden="true"
          class="absolute end-3 w-4 h-4 transition-transform duration-150 ease motion-reduce:transition-none data-[open=true]:rotate-180"
          data-slot="selectorIcon"
          fill="none"
          focusable="false"
          height="1em"
          role="presentation"
          stroke="currentColor"
          stroke-linecap="round"
          stroke-linejoin="round"
          stroke-width="1.5"
          viewBox="0 0 24 24"
          width="1em"
        >
          <path
            d="m6 9 6 6 6-6"
          />
        </svg>
      </button>
    </div>
  </div>
</div>
`;
